// Jest Snapshot v1, https://goo.gl/fbAQLP

exports[`Timeline renders properly 1`] = `
ShallowWrapper {
  "length": 1,
  Symbol(enzyme.__root__): [Circular],
  Symbol(enzyme.__unrendered__): <Timeline />,
  Symbol(enzyme.__renderer__): Object {
    "batchedUpdates": [Function],
    "getNode": [Function],
    "render": [Function],
    "simulateEvent": [Function],
    "unmount": [Function],
  },
  Symbol(enzyme.__node__): Object {
    "instance": null,
    "key": null,
    "nodeType": "host",
    "props": Object {
      "children": <div
        className="col-xs-12"
      >
        <h2
          className="text-center"
        >
          A time line of Ada Lovelace's life
        </h2>
        <hr />
        <Timeline />
        <hr />
        <blockquote>
          <i
            className="fa fa-quote-left"
          />
          [The Analytical Engine] might act upon other things besides number, were objects found whose mutual fundamental relations could be expressed by those of the abstract science of operations, and which should be also susceptible of adaptations to the action of the operating notation and mechanism of the engine...
          <i
            className="fa fa-quote-right"
          />
        </blockquote>
        <blockquote>
          <i
            className="fa fa-quote-left"
          />
          Supposing, for instance, that the fundamental relations of pitched sounds in the science of harmony and of musical composition were susceptible of such expression and adaptations, the engine might compose elaborate and scientific pieces of music of any degree of complexity or extent.
          <i
            className="fa fa-quote-right"
          />
        </blockquote>
        <hr />
        <h3
          className="text-center"
        >
          Read more about Ada Lovelace  
          <a
            className="btn btn-primary"
            href="https://en.wikipedia.org/wiki/Ada_Lovelace"
            role="button"
            target="_blank"
          >
            Here
          </a>
        </h3>
        <hr />
      </div>,
      "className": "row timeline",
    },
    "ref": null,
    "rendered": Object {
      "instance": null,
      "key": null,
      "nodeType": "host",
      "props": Object {
        "children": Array [
          <h2
            className="text-center"
          >
            A time line of Ada Lovelace's life
          </h2>,
          <hr />,
          <Timeline />,
          <hr />,
          <blockquote>
            <i
              className="fa fa-quote-left"
            />
            [The Analytical Engine] might act upon other things besides number, were objects found whose mutual fundamental relations could be expressed by those of the abstract science of operations, and which should be also susceptible of adaptations to the action of the operating notation and mechanism of the engine...
            <i
              className="fa fa-quote-right"
            />
          </blockquote>,
          <blockquote>
            <i
              className="fa fa-quote-left"
            />
            Supposing, for instance, that the fundamental relations of pitched sounds in the science of harmony and of musical composition were susceptible of such expression and adaptations, the engine might compose elaborate and scientific pieces of music of any degree of complexity or extent.
            <i
              className="fa fa-quote-right"
            />
          </blockquote>,
          <hr />,
          <h3
            className="text-center"
          >
            Read more about Ada Lovelace  
            <a
              className="btn btn-primary"
              href="https://en.wikipedia.org/wiki/Ada_Lovelace"
              role="button"
              target="_blank"
            >
              Here
            </a>
          </h3>,
          <hr />,
        ],
        "className": "col-xs-12",
      },
      "ref": null,
      "rendered": Array [
        Object {
          "instance": null,
          "key": null,
          "nodeType": "host",
          "props": Object {
            "children": "A time line of Ada Lovelace's life",
            "className": "text-center",
          },
          "ref": null,
          "rendered": "A time line of Ada Lovelace's life",
          "type": "h2",
        },
        Object {
          "instance": null,
          "key": null,
          "nodeType": "host",
          "props": Object {},
          "ref": null,
          "rendered": null,
          "type": "hr",
        },
        Object {
          "instance": null,
          "key": null,
          "nodeType": "function",
          "props": Object {},
          "ref": null,
          "rendered": null,
          "type": [Function],
        },
        Object {
          "instance": null,
          "key": null,
          "nodeType": "host",
          "props": Object {},
          "ref": null,
          "rendered": null,
          "type": "hr",
        },
        Object {
          "instance": null,
          "key": null,
          "nodeType": "host",
          "props": Object {
            "children": Array [
              <i
                className="fa fa-quote-left"
              />,
              "[The Analytical Engine] might act upon other things besides number, were objects found whose mutual fundamental relations could be expressed by those of the abstract science of operations, and which should be also susceptible of adaptations to the action of the operating notation and mechanism of the engine...",
              <i
                className="fa fa-quote-right"
              />,
            ],
          },
          "ref": null,
          "rendered": Array [
            Object {
              "instance": null,
              "key": null,
              "nodeType": "host",
              "props": Object {
                "className": "fa fa-quote-left",
              },
              "ref": null,
              "rendered": null,
              "type": "i",
            },
            "[The Analytical Engine] might act upon other things besides number, were objects found whose mutual fundamental relations could be expressed by those of the abstract science of operations, and which should be also susceptible of adaptations to the action of the operating notation and mechanism of the engine...",
            Object {
              "instance": null,
              "key": null,
              "nodeType": "host",
              "props": Object {
                "className": "fa fa-quote-right",
              },
              "ref": null,
              "rendered": null,
              "type": "i",
            },
          ],
          "type": "blockquote",
        },
        Object {
          "instance": null,
          "key": null,
          "nodeType": "host",
          "props": Object {
            "children": Array [
              <i
                className="fa fa-quote-left"
              />,
              "Supposing, for instance, that the fundamental relations of pitched sounds in the science of harmony and of musical composition were susceptible of such expression and adaptations, the engine might compose elaborate and scientific pieces of music of any degree of complexity or extent.",
              <i
                className="fa fa-quote-right"
              />,
            ],
          },
          "ref": null,
          "rendered": Array [
            Object {
              "instance": null,
              "key": null,
              "nodeType": "host",
              "props": Object {
                "className": "fa fa-quote-left",
              },
              "ref": null,
              "rendered": null,
              "type": "i",
            },
            "Supposing, for instance, that the fundamental relations of pitched sounds in the science of harmony and of musical composition were susceptible of such expression and adaptations, the engine might compose elaborate and scientific pieces of music of any degree of complexity or extent.",
            Object {
              "instance": null,
              "key": null,
              "nodeType": "host",
              "props": Object {
                "className": "fa fa-quote-right",
              },
              "ref": null,
              "rendered": null,
              "type": "i",
            },
          ],
          "type": "blockquote",
        },
        Object {
          "instance": null,
          "key": null,
          "nodeType": "host",
          "props": Object {},
          "ref": null,
          "rendered": null,
          "type": "hr",
        },
        Object {
          "instance": null,
          "key": null,
          "nodeType": "host",
          "props": Object {
            "children": Array [
              "Read more about Ada Lovelace  ",
              <a
                className="btn btn-primary"
                href="https://en.wikipedia.org/wiki/Ada_Lovelace"
                role="button"
                target="_blank"
              >
                Here
              </a>,
            ],
            "className": "text-center",
          },
          "ref": null,
          "rendered": Array [
            "Read more about Ada Lovelace  ",
            Object {
              "instance": null,
              "key": null,
              "nodeType": "host",
              "props": Object {
                "children": "Here",
                "className": "btn btn-primary",
                "href": "https://en.wikipedia.org/wiki/Ada_Lovelace",
                "role": "button",
                "target": "_blank",
              },
              "ref": null,
              "rendered": "Here",
              "type": "a",
            },
          ],
          "type": "h3",
        },
        Object {
          "instance": null,
          "key": null,
          "nodeType": "host",
          "props": Object {},
          "ref": null,
          "rendered": null,
          "type": "hr",
        },
      ],
      "type": "div",
    },
    "type": "div",
  },
  Symbol(enzyme.__nodes__): Array [
    Object {
      "instance": null,
      "key": null,
      "nodeType": "host",
      "props": Object {
        "children": <div
          className="col-xs-12"
        >
          <h2
            className="text-center"
          >
            A time line of Ada Lovelace's life
          </h2>
          <hr />
          <Timeline />
          <hr />
          <blockquote>
            <i
              className="fa fa-quote-left"
            />
            [The Analytical Engine] might act upon other things besides number, were objects found whose mutual fundamental relations could be expressed by those of the abstract science of operations, and which should be also susceptible of adaptations to the action of the operating notation and mechanism of the engine...
            <i
              className="fa fa-quote-right"
            />
          </blockquote>
          <blockquote>
            <i
              className="fa fa-quote-left"
            />
            Supposing, for instance, that the fundamental relations of pitched sounds in the science of harmony and of musical composition were susceptible of such expression and adaptations, the engine might compose elaborate and scientific pieces of music of any degree of complexity or extent.
            <i
              className="fa fa-quote-right"
            />
          </blockquote>
          <hr />
          <h3
            className="text-center"
          >
            Read more about Ada Lovelace  
            <a
              className="btn btn-primary"
              href="https://en.wikipedia.org/wiki/Ada_Lovelace"
              role="button"
              target="_blank"
            >
              Here
            </a>
          </h3>
          <hr />
        </div>,
        "className": "row timeline",
      },
      "ref": null,
      "rendered": Object {
        "instance": null,
        "key": null,
        "nodeType": "host",
        "props": Object {
          "children": Array [
            <h2
              className="text-center"
            >
              A time line of Ada Lovelace's life
            </h2>,
            <hr />,
            <Timeline />,
            <hr />,
            <blockquote>
              <i
                className="fa fa-quote-left"
              />
              [The Analytical Engine] might act upon other things besides number, were objects found whose mutual fundamental relations could be expressed by those of the abstract science of operations, and which should be also susceptible of adaptations to the action of the operating notation and mechanism of the engine...
              <i
                className="fa fa-quote-right"
              />
            </blockquote>,
            <blockquote>
              <i
                className="fa fa-quote-left"
              />
              Supposing, for instance, that the fundamental relations of pitched sounds in the science of harmony and of musical composition were susceptible of such expression and adaptations, the engine might compose elaborate and scientific pieces of music of any degree of complexity or extent.
              <i
                className="fa fa-quote-right"
              />
            </blockquote>,
            <hr />,
            <h3
              className="text-center"
            >
              Read more about Ada Lovelace  
              <a
                className="btn btn-primary"
                href="https://en.wikipedia.org/wiki/Ada_Lovelace"
                role="button"
                target="_blank"
              >
                Here
              </a>
            </h3>,
            <hr />,
          ],
          "className": "col-xs-12",
        },
        "ref": null,
        "rendered": Array [
          Object {
            "instance": null,
            "key": null,
            "nodeType": "host",
            "props": Object {
              "children": "A time line of Ada Lovelace's life",
              "className": "text-center",
            },
            "ref": null,
            "rendered": "A time line of Ada Lovelace's life",
            "type": "h2",
          },
          Object {
            "instance": null,
            "key": null,
            "nodeType": "host",
            "props": Object {},
            "ref": null,
            "rendered": null,
            "type": "hr",
          },
          Object {
            "instance": null,
            "key": null,
            "nodeType": "function",
            "props": Object {},
            "ref": null,
            "rendered": null,
            "type": [Function],
          },
          Object {
            "instance": null,
            "key": null,
            "nodeType": "host",
            "props": Object {},
            "ref": null,
            "rendered": null,
            "type": "hr",
          },
          Object {
            "instance": null,
            "key": null,
            "nodeType": "host",
            "props": Object {
              "children": Array [
                <i
                  className="fa fa-quote-left"
                />,
                "[The Analytical Engine] might act upon other things besides number, were objects found whose mutual fundamental relations could be expressed by those of the abstract science of operations, and which should be also susceptible of adaptations to the action of the operating notation and mechanism of the engine...",
                <i
                  className="fa fa-quote-right"
                />,
              ],
            },
            "ref": null,
            "rendered": Array [
              Object {
                "instance": null,
                "key": null,
                "nodeType": "host",
                "props": Object {
                  "className": "fa fa-quote-left",
                },
                "ref": null,
                "rendered": null,
                "type": "i",
              },
              "[The Analytical Engine] might act upon other things besides number, were objects found whose mutual fundamental relations could be expressed by those of the abstract science of operations, and which should be also susceptible of adaptations to the action of the operating notation and mechanism of the engine...",
              Object {
                "instance": null,
                "key": null,
                "nodeType": "host",
                "props": Object {
                  "className": "fa fa-quote-right",
                },
                "ref": null,
                "rendered": null,
                "type": "i",
              },
            ],
            "type": "blockquote",
          },
          Object {
            "instance": null,
            "key": null,
            "nodeType": "host",
            "props": Object {
              "children": Array [
                <i
                  className="fa fa-quote-left"
                />,
                "Supposing, for instance, that the fundamental relations of pitched sounds in the science of harmony and of musical composition were susceptible of such expression and adaptations, the engine might compose elaborate and scientific pieces of music of any degree of complexity or extent.",
                <i
                  className="fa fa-quote-right"
                />,
              ],
            },
            "ref": null,
            "rendered": Array [
              Object {
                "instance": null,
                "key": null,
                "nodeType": "host",
                "props": Object {
                  "className": "fa fa-quote-left",
                },
                "ref": null,
                "rendered": null,
                "type": "i",
              },
              "Supposing, for instance, that the fundamental relations of pitched sounds in the science of harmony and of musical composition were susceptible of such expression and adaptations, the engine might compose elaborate and scientific pieces of music of any degree of complexity or extent.",
              Object {
                "instance": null,
                "key": null,
                "nodeType": "host",
                "props": Object {
                  "className": "fa fa-quote-right",
                },
                "ref": null,
                "rendered": null,
                "type": "i",
              },
            ],
            "type": "blockquote",
          },
          Object {
            "instance": null,
            "key": null,
            "nodeType": "host",
            "props": Object {},
            "ref": null,
            "rendered": null,
            "type": "hr",
          },
          Object {
            "instance": null,
            "key": null,
            "nodeType": "host",
            "props": Object {
              "children": Array [
                "Read more about Ada Lovelace  ",
                <a
                  className="btn btn-primary"
                  href="https://en.wikipedia.org/wiki/Ada_Lovelace"
                  role="button"
                  target="_blank"
                >
                  Here
                </a>,
              ],
              "className": "text-center",
            },
            "ref": null,
            "rendered": Array [
              "Read more about Ada Lovelace  ",
              Object {
                "instance": null,
                "key": null,
                "nodeType": "host",
                "props": Object {
                  "children": "Here",
                  "className": "btn btn-primary",
                  "href": "https://en.wikipedia.org/wiki/Ada_Lovelace",
                  "role": "button",
                  "target": "_blank",
                },
                "ref": null,
                "rendered": "Here",
                "type": "a",
              },
            ],
            "type": "h3",
          },
          Object {
            "instance": null,
            "key": null,
            "nodeType": "host",
            "props": Object {},
            "ref": null,
            "rendered": null,
            "type": "hr",
          },
        ],
        "type": "div",
      },
      "type": "div",
    },
  ],
  Symbol(enzyme.__options__): Object {
    "adapter": ReactSixteenAdapter {
      "options": Object {
        "enableComponentDidUpdateOnSetState": true,
      },
    },
    "disableLifecycleMethods": true,
  },
}
`;
